 Abaqus/Standard 2022                  DATE 17-Sep-2026 TIME 19:55:39
 SUMMARY OF JOB INFORMATION:
 STEP  INC ATT SEVERE EQUIL TOTAL  TOTAL      STEP       INC OF       DOF    IF
               DISCON ITERS ITERS  TIME/    TIME/LPF    TIME/LPF    MONITOR RIKS
               ITERS               FREQ
   1     1   1     0     5     5  1.00       1.00       1.000     
   2     1   1     0     5     5  2.00       1.00       1.000     
   3     1   1     0     2     2  2.00       0.000100   0.0001000 
   3     2   1     0     1     1  2.00       0.000200   0.0001000 
   3     3   1     0     1     1  2.00       0.000300   0.0001000 
   3     4   1     0     1     1  2.00       0.000500   0.0002000 
   3     5   1     0     1     1  2.00       0.000900   0.0004000 
   3     6   1     0     1     1  2.00       0.00170    0.0008000 
   3     7   1     0     1     1  2.00       0.00330    0.001600  
   3     8   1     0     1     1  2.01       0.00650    0.003200  
   3     9   1     0     1     1  2.01       0.00970    0.003200  
   3    10   1     0     1     1  2.02       0.0161     0.006400  
   3    11   1     0     1     1  2.03       0.0289     0.01280   
   3    12   1     0     1     1  2.05       0.0545     0.02560   
   3    13   1     0     1     1  2.11       0.106      0.05120   
   3    14   1     0     2     2  2.21       0.208      0.1024    
   3    15   1     0     2     2  2.36       0.362      0.1536    
   3    16   1     0     2     2  2.59       0.592      0.2304    
   3    17   1     0     2     2  2.94       0.938      0.3456    
   3    18   1     0     1     1  3.46       1.46       0.5184    
   3    19   1     0     1     1  4.49       2.49       1.037     
   3    20   1     0     2     2  6.57       4.57       2.074     
   3    21   1     0     2     2  9.68       7.68       3.110     
   3    22   1     0     2     2  14.3       12.3       4.666     
   3    23   1     0     2     2  21.3       19.3       6.998     
   3    24   1     0     2     2  31.8       29.8       10.50     
   3    25   1     0     2     2  47.6       45.6       15.75     
   3    26   1     0     2     2  71.2       69.2       23.62     
   3    27   1     0     2     2  107.       105.       35.43     
   3    28   1     0     2     2  160.       158.       53.14     
   3    29   1     0     2     2  239.       237.       79.72     
   3    30   1     0     2     2  359.       357.       119.6     
   3    31   1     0     2     2  538.       536.       179.4     
   3    32   1     0     2     2  807.       805.       269.0     
   3    33   1     0     2     2  1.21e+03   1.21e+03   403.6     
   3    34   1     0     2     2  1.82e+03   1.81e+03   605.3     
   3    35   1     0     2     2  2.72e+03   2.72e+03   908.0     
   3    36   1     0     2     2  4.09e+03   4.08e+03   1362.     
   3    37   1     0     2     2  6.13e+03   6.13e+03   2043.     
   3    38   1     0     2     2  9.19e+03   9.19e+03   3065.     
   3    39   1     0     2     2  1.38e+04   1.38e+04   4597.     
   3    40   1     0     2     2  2.07e+04   2.07e+04   6895.     
   3    41   1     0     2     2  3.10e+04   3.10e+04   1.034e+04 
   3    42   1     0     2     2  4.65e+04   4.65e+04   1.551e+04 
   3    43   1     0     2     2  6.98e+04   6.98e+04   2.327e+04 
   3    44   1     0     2     2  1.05e+05   1.05e+05   3.491e+04 
   3    45   1     0     2     2  1.57e+05   1.57e+05   5.236e+04 
   3    46   1     0     2     2  2.36e+05   2.36e+05   7.854e+04 
   3    47   1     0     2     2  3.53e+05   3.53e+05   1.178e+05 
   3    48   1     0     2     2  5.30e+05   5.30e+05   1.767e+05 
   3    49   1     0     2     2  7.95e+05   7.95e+05   2.651e+05 
   3    50   1     0     2     2  1.19e+06   1.19e+06   3.976e+05 
   3    51   1     0     2     2  1.79e+06   1.79e+06   5.964e+05 
   3    52   1     0     3     3  2.68e+06   2.68e+06   8.946e+05 
   3    53   1     0     3     3  4.03e+06   4.03e+06   1.342e+06 
   3    54   1     0     2     2  6.04e+06   6.04e+06   2.013e+06 
   3    55   1     0     2     2  9.06e+06   9.06e+06   3.019e+06 
   3    56   1     0     3     3  1.36e+07   1.36e+07   4.529e+06 
   4     1   1     0     1     1  1.36e+07   0.000100   0.0001000 
   4     2   1     0     1     1  1.36e+07   0.000200   0.0001000 
   4     3   1     0     1     1  1.36e+07   0.000300   0.0001000 
   4     4   1     0     1     1  1.36e+07   0.000500   0.0002000 
   4     5   1     0     1     1  1.36e+07   0.000900   0.0004000 
   4     6   1     0     1     1  1.36e+07   0.00170    0.0008000 
   4     7   1     0     1     1  1.36e+07   0.00330    0.001600  
   4     8   1     0     1     1  1.36e+07   0.00650    0.003200  
   4     9   1     0     1     1  1.36e+07   0.0129     0.006400  
   4    10   1     0     1     1  1.36e+07   0.0257     0.01280   
   4    11   1     0     1     1  1.36e+07   0.0513     0.02560   
   4    12   1     0     1     1  1.36e+07   0.103      0.05120   
   4    13   1     0     1     1  1.36e+07   0.205      0.1024    
   4    14   1     0     1     1  1.36e+07   0.410      0.2048    
   4    15   1     0     1     1  1.36e+07   0.819      0.4096    
   5     1   1U    0     1     1  1.36e+07   0.00       0.0001000 
   5     1   2U    0     2     2  1.36e+07   0.00       1.191e-07 
                          
 THE ANALYSIS HAS NOT BEEN COMPLETED
