 Abaqus/Standard 2022                  DATE 17-Sep-2026 TIME 22:43:29
 SUMMARY OF JOB INFORMATION:
 STEP  INC ATT SEVERE EQUIL TOTAL  TOTAL      STEP       INC OF       DOF    IF
               DISCON ITERS ITERS  TIME/    TIME/LPF    TIME/LPF    MONITOR RIKS
               ITERS               FREQ
   1     1   1     0     5     5  1.00       1.00       1.000     
   2     1   1     0     5     5  2.00       1.00       1.000     
   3     1   1     0     2     2  2.00       0.000100   0.0001000 
   3     2   1     0     1     1  2.00       0.000200   0.0001000 
   3     3   1     0     1     1  2.00       0.000300   0.0001000 
   3     4   1     0     1     1  2.00       0.000500   0.0002000 
   3     5   1     0     1     1  2.00       0.000900   0.0004000 
   3     6   1     0     1     1  2.00       0.00170    0.0008000 
   3     7   1     0     1     1  2.00       0.00330    0.001600  
   3     8   1     0     1     1  2.01       0.00650    0.003200  
   3     9   1     0     1     1  2.01       0.00970    0.003200  
   3    10   1     0     1     1  2.02       0.0161     0.006400  
   3    11   1     0     1     1  2.03       0.0289     0.01280   
   3    12   1     0     1     1  2.05       0.0545     0.02560   
   3    13   1     0     1     1  2.11       0.106      0.05120   
   3    14   1     0     2     2  2.21       0.208      0.1024    
   3    15   1     0     2     2  2.36       0.362      0.1536    
   3    16   1     0     2     2  2.59       0.592      0.2304    
   3    17   1     0     2     2  2.94       0.938      0.3456    
   3    18   1     0     1     1  3.46       1.46       0.5184    
   3    19   1     0     1     1  4.49       2.49       1.037     
   3    20   1     0     2     2  6.57       4.57       2.074     
   3    21   1     0     2     2  9.68       7.68       3.110     
   3    22   1     0     2     2  14.3       12.3       4.666     
   3    23   1     0     2     2  21.3       19.3       6.998     
                          
 THE ANALYSIS HAS NOT BEEN COMPLETED
